Copyright 1986-2020 Xilinx, Inc. All Rights Reserved.
---------------------------------------------------------------------------------------------
| Tool Version : Vivado v.2020.2 (win64) Build 3064766 Wed Nov 18 09:12:45 MST 2020
| Date         : Wed May  6 16:53:42 2026
| Host         : DESKTOP-7CFQ9ND running 64-bit major release  (build 9200)
| Command      : report_control_sets -verbose -file design_1_wrapper_control_sets_placed.rpt
| Design       : design_1_wrapper
| Device       : xc7a35t
---------------------------------------------------------------------------------------------

Control Set Information

Table of Contents
-----------------
1. Summary
2. Histogram
3. Flip-Flop Distribution
4. Detailed Control Set Information

1. Summary
----------

+----------------------------------------------------------+-------+
|                          Status                          | Count |
+----------------------------------------------------------+-------+
| Total control sets                                       |   194 |
|    Minimum number of control sets                        |   194 |
|    Addition due to synthesis replication                 |     0 |
|    Addition due to physical synthesis replication        |     0 |
| Unused register locations in slices containing registers |   288 |
+----------------------------------------------------------+-------+
* Control sets can be merged at opt_design using control_set_merge or merge_equivalent_drivers
** Run report_qor_suggestions for automated merging and remapping suggestions


2. Histogram
------------

+--------------------+-------+
|       Fanout       | Count |
+--------------------+-------+
| Total control sets |   194 |
| >= 0 to < 4        |    16 |
| >= 4 to < 6        |    11 |
| >= 6 to < 8        |     7 |
| >= 8 to < 10       |   104 |
| >= 10 to < 12      |     9 |
| >= 12 to < 14      |     0 |
| >= 14 to < 16      |     1 |
| >= 16              |    46 |
+--------------------+-------+
* Control sets can be remapped at either synth_design or opt_design


3. Flip-Flop Distribution
-------------------------

+--------------+-----------------------+------------------------+-----------------+--------------+
| Clock Enable | Synchronous Set/Reset | Asynchronous Set/Reset | Total Registers | Total Slices |
+--------------+-----------------------+------------------------+-----------------+--------------+
| No           | No                    | No                     |             284 |          100 |
| No           | No                    | Yes                    |              58 |           25 |
| No           | Yes                   | No                     |             396 |          166 |
| Yes          | No                    | No                     |             260 |           79 |
| Yes          | No                    | Yes                    |              71 |           25 |
| Yes          | Yes                   | No                     |            1835 |          556 |
+--------------+-----------------------+------------------------+-----------------+--------------+


4. Detailed Control Set Information
-----------------------------------

+------------------------------------------------------------------------------+------------------------------------------------------------------------------------------------------------------------------------------------------------------------------------------------------------+------------------------------------------------------------------------------------------------------------------------------------------------+------------------+----------------+--------------+
|                                 Clock Signal                                 |                                                                                                Enable Signal                                                                                               |                                                                Set/Reset Signal                                                                | Slice Load Count | Bel Load Count | Bels / Slice |
+------------------------------------------------------------------------------+------------------------------------------------------------------------------------------------------------------------------------------------------------------------------------------------------------+------------------------------------------------------------------------------------------------------------------------------------------------+------------------+----------------+--------------+
|  design_1_i/mdm_1/U0/Use_E2.BSCAN_I/Dbg_Update_0_BUFG                        | design_1_i/microblaze_0/U0/MicroBlaze_Core_I/Performance.Core/Use_Debug_Logic.Master_Core.Debug_Perf/Control_Reg_En                                                                                        | design_1_i/microblaze_0/U0/MicroBlaze_Core_I/Performance.Core/Use_Debug_Logic.Master_Core.Debug_Perf/Serial_Dbg_Intf.normal_stop_cmd_i_reg_n_0 |                1 |              1 |         1.00 |
|  design_1_i/clk_wiz_1/inst/clk_out1                                          | design_1_i/I2C_master_0/inst/U_I2C/U_I2C_MASTER_CORE/scl_r                                                                                                                                                 | design_1_i/I2C_master_0/inst/I2C_master_v1_0_S00_AXI_inst/ACTIVE_LOW_PR_OUT_DFF[0].FDRE_PER_N                                                  |                1 |              1 |         1.00 |
|  design_1_i/mdm_1/U0/Use_E2.BSCAN_I/Dbg_Update_0_BUFG                        | design_1_i/microblaze_0/U0/MicroBlaze_Core_I/Performance.Core/Use_Debug_Logic.Master_Core.Debug_Perf/Control_Reg_En                                                                                        | design_1_i/microblaze_0/U0/MicroBlaze_Core_I/Performance.Core/Use_Debug_Logic.Master_Core.Debug_Perf/start_single_step_reg_n_0                 |                1 |              1 |         1.00 |
|  design_1_i/mdm_1/U0/Use_E2.BSCAN_I/Dbg_Update_0_BUFG                        | design_1_i/microblaze_0/U0/MicroBlaze_Core_I/Performance.Core/Use_Debug_Logic.Master_Core.Debug_Perf/Control_Reg_En                                                                                        | design_1_i/microblaze_0/U0/MicroBlaze_Core_I/Performance.Core/Use_Debug_Logic.Master_Core.Debug_Perf/Serial_Dbg_Intf.force_stop_cmd_i_reg_0    |                1 |              1 |         1.00 |
|  design_1_i/mdm_1/U0/Use_E2.BSCAN_I/Dbg_Update_0_BUFG                        | design_1_i/microblaze_0/U0/MicroBlaze_Core_I/Performance.Core/Use_Debug_Logic.Master_Core.Debug_Perf/Control_Reg_En                                                                                        | design_1_i/microblaze_0/U0/MicroBlaze_Core_I/Performance.Core/Use_Debug_Logic.Master_Core.Debug_Perf/Serial_Dbg_Intf.continue_from_brk_reg_n_0 |                1 |              1 |         1.00 |
| ~design_1_i/mdm_1/U0/Use_E2.BSCAN_I/Dbg_Update_0_BUFG                        |                                                                                                                                                                                                            | design_1_i/mdm_1/U0/MDM_Core_I1/JTAG_CONTROL_I/sel_n                                                                                           |                1 |              1 |         1.00 |
|  design_1_i/clk_wiz_1/inst/clk_out1                                          |                                                                                                                                                                                                            | design_1_i/microblaze_0/U0/MicroBlaze_Core_I/Performance.Core/Use_Debug_Logic.Master_Core.Debug_Perf/capture_1                                 |                1 |              1 |         1.00 |
|  design_1_i/clk_wiz_1/inst/clk_out1                                          | design_1_i/SIP_master_0/inst/U_SPI/mosi_i_1_n_0                                                                                                                                                            | design_1_i/SIP_master_0/inst/SIP_master_v1_0_S00_AXI_inst/AR[0]                                                                                |                1 |              1 |         1.00 |
|  design_1_i/mdm_1/U0/No_Dbg_Reg_Access.BUFG_DRCK/Dbg_Clk_0                   | design_1_i/mdm_1/U0/Use_E2.BSCAN_I/Use_BSCAN.PORT_Selector_reg[0]                                                                                                                                          | design_1_i/mdm_1/U0/MDM_Core_I1/JTAG_CONTROL_I/Functional_Reset                                                                                |                1 |              1 |         1.00 |
| ~design_1_i/mdm_1/U0/No_Dbg_Reg_Access.BUFG_DRCK/Dbg_Clk_0                   | design_1_i/mdm_1/U0/MDM_Core_I1/JTAG_CONTROL_I/Use_BSCAN.FDC_I/CE                                                                                                                                          | design_1_i/mdm_1/U0/MDM_Core_I1/JTAG_CONTROL_I/Use_BSCAN.FDC_I/D                                                                               |                1 |              1 |         1.00 |
|  design_1_i/clk_wiz_1/inst/clk_out1                                          |                                                                                                                                                                                                            | design_1_i/SIP_master_0/inst/SIP_master_v1_0_S00_AXI_inst/slv_reg0_reg[0]_0                                                                    |                1 |              1 |         1.00 |
|  design_1_i/clk_wiz_1/inst/clk_out1                                          |                                                                                                                                                                                                            | design_1_i/SIP_master_0/inst/SIP_master_v1_0_S00_AXI_inst/ACTIVE_LOW_PR_OUT_DFF[0].FDRE_PER_N                                                  |                1 |              1 |         1.00 |
|  design_1_i/SIP_master_0/inst/SIP_master_v1_0_S00_AXI_inst/slv_reg0_reg[0]_0 |                                                                                                                                                                                                            | design_1_i/SIP_master_0/inst/SIP_master_v1_0_S00_AXI_inst/ACTIVE_LOW_PR_OUT_DFF[0].FDRE_PER_N                                                  |                1 |              1 |         1.00 |
|  design_1_i/clk_wiz_1/inst/clk_out1                                          | design_1_i/SIP_master_0/inst/U_SPI/cs_n_i_1_n_0                                                                                                                                                            | design_1_i/SIP_master_0/inst/SIP_master_v1_0_S00_AXI_inst/AR[0]                                                                                |                1 |              1 |         1.00 |
|  design_1_i/mdm_1/U0/Use_E2.BSCAN_I/Dbg_Update_0_BUFG                        | design_1_i/microblaze_0/U0/MicroBlaze_Core_I/Performance.Core/Use_Debug_Logic.Master_Core.Debug_Perf/Command_Reg_En                                                                                        | design_1_i/microblaze_0/U0/MicroBlaze_Core_I/Performance.Core/Use_Debug_Logic.Master_Core.Debug_Perf/command_reg_clear                         |                1 |              2 |         2.00 |
|  design_1_i/mdm_1/U0/Use_E2.BSCAN_I/Dbg_Update_0_BUFG                        |                                                                                                                                                                                                            |                                                                                                                                                |                2 |              3 |         1.50 |
| ~design_1_i/mdm_1/U0/Use_E2.BSCAN_I/Dbg_Update_0_BUFG                        |                                                                                                                                                                                                            | design_1_i/mdm_1/U0/Use_E2.BSCAN_I/AR[0]                                                                                                       |                1 |              4 |         4.00 |
|  design_1_i/clk_wiz_1/inst/clk_out1                                          | design_1_i/axi_uartlite_0/U0/UARTLITE_CORE_I/BAUD_RATE_I/en_16x_Baud                                                                                                                                       |                                                                                                                                                |                1 |              4 |         4.00 |
|  design_1_i/clk_wiz_1/inst/clk_out1                                          |                                                                                                                                                                                                            | design_1_i/microblaze_0_axi_intc/U0/AXI_LITE_IPIF_I/I_SLAVE_ATTACHMENT/clear                                                                   |                1 |              4 |         4.00 |
|  design_1_i/clk_wiz_1/inst/clk_out1                                          |                                                                                                                                                                                                            | design_1_i/rst_clk_wiz_1_100M/U0/bus_struct_reset[0]                                                                                           |                2 |              4 |         2.00 |
|  design_1_i/mdm_1/U0/No_Dbg_Reg_Access.BUFG_DRCK/Dbg_Clk_0                   | design_1_i/mdm_1/U0/MDM_Core_I1/TDI_Shifter0                                                                                                                                                               | design_1_i/mdm_1/U0/Use_E2.BSCAN_I/AR[0]                                                                                                       |                1 |              4 |         4.00 |
|  design_1_i/mdm_1/U0/Use_E2.BSCAN_I/Dbg_Update_0_BUFG                        | design_1_i/mdm_1/U0/MDM_Core_I1/MDM_SEL                                                                                                                                                                    | design_1_i/mdm_1/U0/Use_E2.BSCAN_I/AR[0]                                                                                                       |                1 |              4 |         4.00 |
|  design_1_i/clk_wiz_1/inst/clk_out1                                          | design_1_i/axi_uartlite_0/U0/AXI_LITE_IPIF_I/I_SLAVE_ATTACHMENT/start2                                                                                                                                     | design_1_i/axi_uartlite_0/U0/AXI_LITE_IPIF_I/I_SLAVE_ATTACHMENT/I_DECODER/cs_ce_clr                                                            |                1 |              4 |         4.00 |
|  design_1_i/clk_wiz_1/inst/clk_out1                                          | design_1_i/SIP_master_0/inst/U_SPI/FSM_onehot_state[3]_i_1_n_0                                                                                                                                             | design_1_i/SIP_master_0/inst/SIP_master_v1_0_S00_AXI_inst/AR[0]                                                                                |                1 |              4 |         4.00 |
|  design_1_i/mdm_1/U0/Use_E2.BSCAN_I/Dbg_Update_0_BUFG                        | design_1_i/microblaze_0/U0/MicroBlaze_Core_I/Performance.Core/Use_Debug_Logic.Master_Core.Debug_Perf/Control_Reg_En                                                                                        |                                                                                                                                                |                1 |              5 |         5.00 |
|  design_1_i/clk_wiz_1/inst/clk_out1                                          | design_1_i/microblaze_0/U0/MicroBlaze_Core_I/Performance.Core/Decode_I/wb_Halted                                                                                                                           | design_1_i/microblaze_0/U0/MicroBlaze_Core_I/sync_reset                                                                                        |                3 |              5 |         1.67 |
|  design_1_i/clk_wiz_1/inst/clk_out1                                          |                                                                                                                                                                                                            | design_1_i/rst_clk_wiz_1_100M/U0/EXT_LPF/lpf_int                                                                                               |                2 |              5 |         2.50 |
|  design_1_i/clk_wiz_1/inst/clk_out1                                          |                                                                                                                                                                                                            | design_1_i/axi_uartlite_0/U0/UARTLITE_CORE_I/UARTLITE_RX_I/SRL_FIFO_I/I_SRL_FIFO_RBU_F/CNTR_INCR_DECR_ADDN_F_I/SS[0]                           |                2 |              6 |         3.00 |
|  design_1_i/clk_wiz_1/inst/clk_out1                                          |                                                                                                                                                                                                            | design_1_i/axi_uartlite_0/U0/UARTLITE_CORE_I/UARTLITE_TX_I/SRL_FIFO_I/I_SRL_FIFO_RBU_F/CNTR_INCR_DECR_ADDN_F_I/SS[0]                           |                2 |              6 |         3.00 |
|  design_1_i/clk_wiz_1/inst/clk_out1                                          | design_1_i/rst_clk_wiz_1_100M/U0/SEQ/seq_cnt_en                                                                                                                                                            | design_1_i/rst_clk_wiz_1_100M/U0/SEQ/SEQ_COUNTER/clear                                                                                         |                1 |              6 |         6.00 |
|  design_1_i/mdm_1/U0/No_Dbg_Reg_Access.BUFG_DRCK/Dbg_Clk_0                   | design_1_i/mdm_1/U0/MDM_Core_I1/JTAG_CONTROL_I/Use_BSCAN.FDC_I/sample_1                                                                                                                                    |                                                                                                                                                |                1 |              6 |         6.00 |
|  design_1_i/mdm_1/U0/No_Dbg_Reg_Access.BUFG_DRCK/Dbg_Clk_0                   | design_1_i/mdm_1/U0/Use_E2.BSCAN_I/sel                                                                                                                                                                     |                                                                                                                                                |                2 |              6 |         3.00 |
|  design_1_i/mdm_1/U0/No_Dbg_Reg_Access.BUFG_DRCK/Dbg_Clk_0                   | design_1_i/mdm_1/U0/Use_E2.BSCAN_I/Use_BSCAN.command_reg[6]                                                                                                                                                |                                                                                                                                                |                1 |              6 |         6.00 |
|  design_1_i/clk_wiz_1/inst/clk_out1                                          | design_1_i/axi_uartlite_0/U0/UARTLITE_CORE_I/BAUD_RATE_I/en_16x_Baud                                                                                                                                       | design_1_i/axi_uartlite_0/U0/UARTLITE_CORE_I/UARTLITE_RX_I/SERIAL_TO_PARALLEL[8].fifo_din[8]_i_1_n_0                                           |                1 |              7 |         7.00 |
|  design_1_i/clk_wiz_1/inst/clk_out1                                          | design_1_i/GPIO_1/inst/myip_v1_0_S00_AXI_inst/p_1_in[16]                                                                                                                                                   | design_1_i/GPIO_1/inst/myip_v1_0_S00_AXI_inst/axi_awready_i_1_n_0                                                                              |                1 |              8 |         8.00 |
|  design_1_i/clk_wiz_1/inst/clk_out1                                          | design_1_i/GPIO_1/inst/myip_v1_0_S00_AXI_inst/slv_reg3[31]_i_1_n_0                                                                                                                                         | design_1_i/GPIO_1/inst/myip_v1_0_S00_AXI_inst/axi_awready_i_1_n_0                                                                              |                3 |              8 |         2.67 |
|  design_1_i/clk_wiz_1/inst/clk_out1                                          | design_1_i/microblaze_0_axi_intc/U0/AXI_LITE_IPIF_I/I_SLAVE_ATTACHMENT/bus2ip_addr_i[8]_i_1_n_0                                                                                                            | design_1_i/microblaze_0_axi_intc/U0/AXI_LITE_IPIF_I/I_SLAVE_ATTACHMENT/rst                                                                     |                2 |              8 |         4.00 |
|  design_1_i/clk_wiz_1/inst/clk_out1                                          | design_1_i/GPIO_1/inst/myip_v1_0_S00_AXI_inst/p_1_in[31]                                                                                                                                                   | design_1_i/GPIO_1/inst/myip_v1_0_S00_AXI_inst/axi_awready_i_1_n_0                                                                              |                2 |              8 |         4.00 |
|  design_1_i/mdm_1/U0/No_Dbg_Reg_Access.BUFG_DRCK/Dbg_Clk_0                   | design_1_i/mdm_1/U0/MDM_Core_I1/JTAG_CONTROL_I/tdi_shifter0                                                                                                                                                |                                                                                                                                                |                3 |              8 |         2.67 |
|  design_1_i/mdm_1/U0/No_Dbg_Reg_Access.BUFG_DRCK/Dbg_Clk_0                   | design_1_i/microblaze_0/U0/MicroBlaze_Core_I/Performance.Core/Use_Debug_Logic.Master_Core.Debug_Perf/Using_PC_Breakpoints.All_PC_Brks[0].Serial_Interface_1.address_hit_I/Compare[0].SRLC16E_I/which_pc__0 |                                                                                                                                                |                7 |              8 |         1.14 |
|  design_1_i/mdm_1/U0/Use_E2.BSCAN_I/Dbg_Update_0_BUFG                        | design_1_i/mdm_1/U0/MDM_Core_I1/JTAG_CONTROL_I/Use_BSCAN.FDC_I/command_10                                                                                                                                  |                                                                                                                                                |                1 |              8 |         8.00 |
| ~design_1_i/mdm_1/U0/Use_E2.BSCAN_I/Dbg_Update_0_BUFG                        | design_1_i/mdm_1/U0/MDM_Core_I1/JTAG_CONTROL_I/Use_BSCAN.command[0]_i_1_n_0                                                                                                                                |                                                                                                                                                |                2 |              8 |         4.00 |
|  design_1_i/clk_wiz_1/inst/clk_out1                                          | design_1_i/TMR_1/inst/TMR_v1_0_S00_AXI_inst/p_1_in[8]                                                                                                                                                      | design_1_i/TMR_1/inst/TMR_v1_0_S00_AXI_inst/axi_awready_i_1_n_0                                                                                |                2 |              8 |         4.00 |
|  design_1_i/clk_wiz_1/inst/clk_out1                                          | design_1_i/axi_uartlite_0/U0/UARTLITE_CORE_I/UARTLITE_RX_I/SRL_FIFO_I/I_SRL_FIFO_RBU_F/DYNSHREG_F_I/fifo_wr                                                                                                |                                                                                                                                                |                1 |              8 |         8.00 |
|  design_1_i/clk_wiz_1/inst/clk_out1                                          | design_1_i/axi_uartlite_0/U0/AXI_LITE_IPIF_I/I_SLAVE_ATTACHMENT/s_axi_rresp_i                                                                                                                              | design_1_i/axi_uartlite_0/U0/AXI_LITE_IPIF_I/I_SLAVE_ATTACHMENT/rst                                                                            |                3 |              8 |         2.67 |
|  design_1_i/clk_wiz_1/inst/clk_out1                                          | design_1_i/TMR_2/inst/TMR_v1_0_S00_AXI_inst/slv_reg2[15]_i_1_n_0                                                                                                                                           | design_1_i/TMR_2/inst/TMR_v1_0_S00_AXI_inst/axi_awready_i_1_n_0                                                                                |                1 |              8 |         8.00 |
|  design_1_i/clk_wiz_1/inst/clk_out1                                          | design_1_i/TMR_2/inst/TMR_v1_0_S00_AXI_inst/slv_reg2[7]_i_1_n_0                                                                                                                                            | design_1_i/TMR_2/inst/TMR_v1_0_S00_AXI_inst/axi_awready_i_1_n_0                                                                                |                1 |              8 |         8.00 |
|  design_1_i/clk_wiz_1/inst/clk_out1                                          | design_1_i/TMR_2/inst/TMR_v1_0_S00_AXI_inst/slv_reg1[15]_i_1_n_0                                                                                                                                           | design_1_i/TMR_2/inst/TMR_v1_0_S00_AXI_inst/axi_awready_i_1_n_0                                                                                |                1 |              8 |         8.00 |
|  design_1_i/clk_wiz_1/inst/clk_out1                                          | design_1_i/TMR_2/inst/TMR_v1_0_S00_AXI_inst/slv_reg1[31]_i_1_n_0                                                                                                                                           | design_1_i/TMR_2/inst/TMR_v1_0_S00_AXI_inst/axi_awready_i_1_n_0                                                                                |                1 |              8 |         8.00 |
|  design_1_i/clk_wiz_1/inst/clk_out1                                          | design_1_i/TMR_2/inst/TMR_v1_0_S00_AXI_inst/slv_reg1[23]_i_1_n_0                                                                                                                                           | design_1_i/TMR_2/inst/TMR_v1_0_S00_AXI_inst/axi_awready_i_1_n_0                                                                                |                3 |              8 |         2.67 |
|  design_1_i/clk_wiz_1/inst/clk_out1                                          | design_1_i/TMR_2/inst/TMR_v1_0_S00_AXI_inst/slv_reg2[23]_i_1_n_0                                                                                                                                           | design_1_i/TMR_2/inst/TMR_v1_0_S00_AXI_inst/axi_awready_i_1_n_0                                                                                |                1 |              8 |         8.00 |
|  design_1_i/clk_wiz_1/inst/clk_out1                                          | design_1_i/TMR_2/inst/TMR_v1_0_S00_AXI_inst/slv_reg1[7]_i_1_n_0                                                                                                                                            | design_1_i/TMR_2/inst/TMR_v1_0_S00_AXI_inst/axi_awready_i_1_n_0                                                                                |                1 |              8 |         8.00 |
|  design_1_i/clk_wiz_1/inst/clk_out1                                          | design_1_i/TMR_2/inst/TMR_v1_0_S00_AXI_inst/slv_reg2[31]_i_1_n_0                                                                                                                                           | design_1_i/TMR_2/inst/TMR_v1_0_S00_AXI_inst/axi_awready_i_1_n_0                                                                                |                1 |              8 |         8.00 |
|  design_1_i/clk_wiz_1/inst/clk_out1                                          | design_1_i/TMR_2/inst/TMR_v1_0_S00_AXI_inst/p_1_in[8]                                                                                                                                                      | design_1_i/TMR_2/inst/TMR_v1_0_S00_AXI_inst/axi_awready_i_1_n_0                                                                                |                1 |              8 |         8.00 |
|  design_1_i/clk_wiz_1/inst/clk_out1                                          | design_1_i/TMR_2/inst/TMR_v1_0_S00_AXI_inst/p_1_in[16]                                                                                                                                                     | design_1_i/TMR_2/inst/TMR_v1_0_S00_AXI_inst/axi_awready_i_1_n_0                                                                                |                2 |              8 |         4.00 |
|  design_1_i/clk_wiz_1/inst/clk_out1                                          | design_1_i/TMR_2/inst/TMR_v1_0_S00_AXI_inst/p_1_in[7]                                                                                                                                                      | design_1_i/TMR_2/inst/TMR_v1_0_S00_AXI_inst/axi_awready_i_1_n_0                                                                                |                2 |              8 |         4.00 |
|  design_1_i/clk_wiz_1/inst/clk_out1                                          | design_1_i/TMR_2/inst/TMR_v1_0_S00_AXI_inst/p_1_in[31]                                                                                                                                                     | design_1_i/TMR_2/inst/TMR_v1_0_S00_AXI_inst/axi_awready_i_1_n_0                                                                                |                3 |              8 |         2.67 |
|  design_1_i/clk_wiz_1/inst/clk_out1                                          | design_1_i/axi_uartlite_0/U0/AXI_LITE_IPIF_I/I_SLAVE_ATTACHMENT/I_DECODER/fifo_wr                                                                                                                          |                                                                                                                                                |                1 |              8 |         8.00 |
|  design_1_i/clk_wiz_1/inst/clk_out1                                          | design_1_i/TMR_1/inst/TMR_v1_0_S00_AXI_inst/p_1_in[16]                                                                                                                                                     | design_1_i/TMR_1/inst/TMR_v1_0_S00_AXI_inst/axi_awready_i_1_n_0                                                                                |                4 |              8 |         2.00 |
|  design_1_i/clk_wiz_1/inst/clk_out1                                          | design_1_i/TMR_1/inst/TMR_v1_0_S00_AXI_inst/p_1_in[31]                                                                                                                                                     | design_1_i/TMR_1/inst/TMR_v1_0_S00_AXI_inst/axi_awready_i_1_n_0                                                                                |                2 |              8 |         4.00 |
|  design_1_i/clk_wiz_1/inst/clk_out1                                          | design_1_i/TMR_1/inst/TMR_v1_0_S00_AXI_inst/p_1_in[7]                                                                                                                                                      | design_1_i/TMR_1/inst/TMR_v1_0_S00_AXI_inst/axi_awready_i_1_n_0                                                                                |                4 |              8 |         2.00 |
|  design_1_i/clk_wiz_1/inst/clk_out1                                          | design_1_i/TMR_1/inst/TMR_v1_0_S00_AXI_inst/slv_reg1[31]_i_1_n_0                                                                                                                                           | design_1_i/TMR_1/inst/TMR_v1_0_S00_AXI_inst/axi_awready_i_1_n_0                                                                                |                1 |              8 |         8.00 |
|  design_1_i/clk_wiz_1/inst/clk_out1                                          | design_1_i/TMR_1/inst/TMR_v1_0_S00_AXI_inst/slv_reg2[15]_i_1_n_0                                                                                                                                           | design_1_i/TMR_1/inst/TMR_v1_0_S00_AXI_inst/axi_awready_i_1_n_0                                                                                |                1 |              8 |         8.00 |
|  design_1_i/clk_wiz_1/inst/clk_out1                                          | design_1_i/TMR_1/inst/TMR_v1_0_S00_AXI_inst/slv_reg2[23]_i_1_n_0                                                                                                                                           | design_1_i/TMR_1/inst/TMR_v1_0_S00_AXI_inst/axi_awready_i_1_n_0                                                                                |                1 |              8 |         8.00 |
|  design_1_i/clk_wiz_1/inst/clk_out1                                          | design_1_i/TMR_1/inst/TMR_v1_0_S00_AXI_inst/slv_reg1[7]_i_1_n_0                                                                                                                                            | design_1_i/TMR_1/inst/TMR_v1_0_S00_AXI_inst/axi_awready_i_1_n_0                                                                                |                1 |              8 |         8.00 |
|  design_1_i/clk_wiz_1/inst/clk_out1                                          | design_1_i/TMR_1/inst/TMR_v1_0_S00_AXI_inst/slv_reg2[31]_i_1_n_0                                                                                                                                           | design_1_i/TMR_1/inst/TMR_v1_0_S00_AXI_inst/axi_awready_i_1_n_0                                                                                |                1 |              8 |         8.00 |
|  design_1_i/clk_wiz_1/inst/clk_out1                                          | design_1_i/TMR_1/inst/TMR_v1_0_S00_AXI_inst/slv_reg2[7]_i_1_n_0                                                                                                                                            | design_1_i/TMR_1/inst/TMR_v1_0_S00_AXI_inst/axi_awready_i_1_n_0                                                                                |                1 |              8 |         8.00 |
|  design_1_i/clk_wiz_1/inst/clk_out1                                          | design_1_i/TMR_1/inst/TMR_v1_0_S00_AXI_inst/slv_reg1[23]_i_1_n_0                                                                                                                                           | design_1_i/TMR_1/inst/TMR_v1_0_S00_AXI_inst/axi_awready_i_1_n_0                                                                                |                2 |              8 |         4.00 |
|  design_1_i/clk_wiz_1/inst/clk_out1                                          | design_1_i/TMR_1/inst/TMR_v1_0_S00_AXI_inst/slv_reg1[15]_i_1_n_0                                                                                                                                           | design_1_i/TMR_1/inst/TMR_v1_0_S00_AXI_inst/axi_awready_i_1_n_0                                                                                |                2 |              8 |         4.00 |
|  design_1_i/clk_wiz_1/inst/clk_out1                                          | design_1_i/I2C_master_0/inst/U_I2C/U_I2C_MASTER_CORE/rx_shift_reg_0                                                                                                                                        | design_1_i/I2C_master_0/inst/I2C_master_v1_0_S00_AXI_inst/ACTIVE_LOW_PR_OUT_DFF[0].FDRE_PER_N                                                  |                1 |              8 |         8.00 |
|  design_1_i/clk_wiz_1/inst/clk_out1                                          | design_1_i/I2C_master_0/inst/U_I2C/U_I2C_MASTER_CORE/rx_data[7]_i_1_n_0                                                                                                                                    |                                                                                                                                                |                1 |              8 |         8.00 |
|  design_1_i/clk_wiz_1/inst/clk_out1                                          | design_1_i/I2C_master_0/inst/U_I2C/U_I2C_MASTER_CORE/tx_shift_reg_1                                                                                                                                        | design_1_i/I2C_master_0/inst/I2C_master_v1_0_S00_AXI_inst/ACTIVE_LOW_PR_OUT_DFF[0].FDRE_PER_N                                                  |                3 |              8 |         2.67 |
|  design_1_i/clk_wiz_1/inst/clk_out1                                          | design_1_i/I2C_master_0/inst/I2C_master_v1_0_S00_AXI_inst/slv_reg0[31]_i_1_n_0                                                                                                                             | design_1_i/I2C_master_0/inst/I2C_master_v1_0_S00_AXI_inst/ACTIVE_LOW_PR_OUT_DFF[0].FDRE_PER_N                                                  |                1 |              8 |         8.00 |
|  design_1_i/clk_wiz_1/inst/clk_out1                                          | design_1_i/I2C_master_0/inst/I2C_master_v1_0_S00_AXI_inst/slv_reg0[7]_i_1_n_0                                                                                                                              | design_1_i/I2C_master_0/inst/I2C_master_v1_0_S00_AXI_inst/ACTIVE_LOW_PR_OUT_DFF[0].FDRE_PER_N                                                  |                1 |              8 |         8.00 |
|  design_1_i/clk_wiz_1/inst/clk_out1                                          | design_1_i/I2C_master_0/inst/I2C_master_v1_0_S00_AXI_inst/slv_reg0[23]_i_1_n_0                                                                                                                             | design_1_i/I2C_master_0/inst/I2C_master_v1_0_S00_AXI_inst/ACTIVE_LOW_PR_OUT_DFF[0].FDRE_PER_N                                                  |                1 |              8 |         8.00 |
|  design_1_i/clk_wiz_1/inst/clk_out1                                          | design_1_i/I2C_master_0/inst/I2C_master_v1_0_S00_AXI_inst/slv_reg0[15]_i_1_n_0                                                                                                                             | design_1_i/I2C_master_0/inst/I2C_master_v1_0_S00_AXI_inst/ACTIVE_LOW_PR_OUT_DFF[0].FDRE_PER_N                                                  |                1 |              8 |         8.00 |
|  design_1_i/clk_wiz_1/inst/clk_out1                                          | design_1_i/I2C_master_0/inst/I2C_master_v1_0_S00_AXI_inst/slv_reg1[23]_i_1_n_0                                                                                                                             | design_1_i/I2C_master_0/inst/I2C_master_v1_0_S00_AXI_inst/ACTIVE_LOW_PR_OUT_DFF[0].FDRE_PER_N                                                  |                4 |              8 |         2.00 |
|  design_1_i/clk_wiz_1/inst/clk_out1                                          | design_1_i/I2C_master_0/inst/I2C_master_v1_0_S00_AXI_inst/slv_reg1[15]_i_1_n_0                                                                                                                             | design_1_i/I2C_master_0/inst/I2C_master_v1_0_S00_AXI_inst/ACTIVE_LOW_PR_OUT_DFF[0].FDRE_PER_N                                                  |                2 |              8 |         4.00 |
|  design_1_i/clk_wiz_1/inst/clk_out1                                          | design_1_i/I2C_master_0/inst/I2C_master_v1_0_S00_AXI_inst/slv_reg1[31]_i_1_n_0                                                                                                                             | design_1_i/I2C_master_0/inst/I2C_master_v1_0_S00_AXI_inst/ACTIVE_LOW_PR_OUT_DFF[0].FDRE_PER_N                                                  |                1 |              8 |         8.00 |
|  design_1_i/clk_wiz_1/inst/clk_out1                                          | design_1_i/I2C_master_0/inst/I2C_master_v1_0_S00_AXI_inst/slv_reg1[7]_i_1_n_0                                                                                                                              | design_1_i/I2C_master_0/inst/I2C_master_v1_0_S00_AXI_inst/ACTIVE_LOW_PR_OUT_DFF[0].FDRE_PER_N                                                  |                2 |              8 |         4.00 |
|  design_1_i/clk_wiz_1/inst/clk_out1                                          | design_1_i/GPIO_2/inst/myip_v1_0_S00_AXI_inst/slv_reg2[15]_i_1_n_0                                                                                                                                         | design_1_i/GPIO_2/inst/myip_v1_0_S00_AXI_inst/axi_awready_i_1_n_0                                                                              |                2 |              8 |         4.00 |
|  design_1_i/clk_wiz_1/inst/clk_out1                                          | design_1_i/GPIO_2/inst/myip_v1_0_S00_AXI_inst/slv_reg2[31]_i_1_n_0                                                                                                                                         | design_1_i/GPIO_2/inst/myip_v1_0_S00_AXI_inst/axi_awready_i_1_n_0                                                                              |                1 |              8 |         8.00 |
|  design_1_i/clk_wiz_1/inst/clk_out1                                          | design_1_i/GPIO_2/inst/myip_v1_0_S00_AXI_inst/slv_reg3[31]_i_1_n_0                                                                                                                                         | design_1_i/GPIO_2/inst/myip_v1_0_S00_AXI_inst/axi_awready_i_1_n_0                                                                              |                1 |              8 |         8.00 |
|  design_1_i/clk_wiz_1/inst/clk_out1                                          | design_1_i/GPIO_2/inst/myip_v1_0_S00_AXI_inst/slv_reg3[7]_i_1_n_0                                                                                                                                          | design_1_i/GPIO_2/inst/myip_v1_0_S00_AXI_inst/axi_awready_i_1_n_0                                                                              |                4 |              8 |         2.00 |
|  design_1_i/clk_wiz_1/inst/clk_out1                                          | design_1_i/GPIO_2/inst/myip_v1_0_S00_AXI_inst/p_1_in[7]                                                                                                                                                    | design_1_i/GPIO_2/inst/myip_v1_0_S00_AXI_inst/axi_awready_i_1_n_0                                                                              |                3 |              8 |         2.67 |
|  design_1_i/clk_wiz_1/inst/clk_out1                                          | design_1_i/GPIO_2/inst/myip_v1_0_S00_AXI_inst/p_1_in[31]                                                                                                                                                   | design_1_i/GPIO_2/inst/myip_v1_0_S00_AXI_inst/axi_awready_i_1_n_0                                                                              |                3 |              8 |         2.67 |
|  design_1_i/clk_wiz_1/inst/clk_out1                                          | design_1_i/GPIO_2/inst/myip_v1_0_S00_AXI_inst/slv_reg3[15]_i_1_n_0                                                                                                                                         | design_1_i/GPIO_2/inst/myip_v1_0_S00_AXI_inst/axi_awready_i_1_n_0                                                                              |                1 |              8 |         8.00 |
|  design_1_i/clk_wiz_1/inst/clk_out1                                          | design_1_i/GPIO_2/inst/myip_v1_0_S00_AXI_inst/slv_reg2[7]_i_1_n_0                                                                                                                                          | design_1_i/GPIO_2/inst/myip_v1_0_S00_AXI_inst/axi_awready_i_1_n_0                                                                              |                2 |              8 |         4.00 |
|  design_1_i/clk_wiz_1/inst/clk_out1                                          | design_1_i/GPIO_2/inst/myip_v1_0_S00_AXI_inst/p_1_in[16]                                                                                                                                                   | design_1_i/GPIO_2/inst/myip_v1_0_S00_AXI_inst/axi_awready_i_1_n_0                                                                              |                3 |              8 |         2.67 |
|  design_1_i/clk_wiz_1/inst/clk_out1                                          | design_1_i/GPIO_2/inst/myip_v1_0_S00_AXI_inst/slv_reg3[23]_i_1_n_0                                                                                                                                         | design_1_i/GPIO_2/inst/myip_v1_0_S00_AXI_inst/axi_awready_i_1_n_0                                                                              |                3 |              8 |         2.67 |
|  design_1_i/clk_wiz_1/inst/clk_out1                                          | design_1_i/GPIO_2/inst/myip_v1_0_S00_AXI_inst/slv_reg2[23]_i_1_n_0                                                                                                                                         | design_1_i/GPIO_2/inst/myip_v1_0_S00_AXI_inst/axi_awready_i_1_n_0                                                                              |                4 |              8 |         2.00 |
|  design_1_i/clk_wiz_1/inst/clk_out1                                          | design_1_i/GPIO_2/inst/myip_v1_0_S00_AXI_inst/p_1_in[8]                                                                                                                                                    | design_1_i/GPIO_2/inst/myip_v1_0_S00_AXI_inst/axi_awready_i_1_n_0                                                                              |                1 |              8 |         8.00 |
|  design_1_i/clk_wiz_1/inst/clk_out1                                          | design_1_i/SIP_master_0/inst/U_SPI/rx_data[7]_i_1_n_0                                                                                                                                                      | design_1_i/SIP_master_0/inst/SIP_master_v1_0_S00_AXI_inst/AR[0]                                                                                |                2 |              8 |         4.00 |
|  design_1_i/clk_wiz_1/inst/clk_out1                                          | design_1_i/SIP_master_0/inst/U_SPI/rx_shift_reg_0                                                                                                                                                          | design_1_i/SIP_master_0/inst/SIP_master_v1_0_S00_AXI_inst/AR[0]                                                                                |                2 |              8 |         4.00 |
|  design_1_i/clk_wiz_1/inst/clk_out1                                          | design_1_i/SIP_master_0/inst/U_SPI/tx_shift_reg                                                                                                                                                            | design_1_i/SIP_master_0/inst/SIP_master_v1_0_S00_AXI_inst/AR[0]                                                                                |                2 |              8 |         4.00 |
|  design_1_i/clk_wiz_1/inst/clk_out1                                          | design_1_i/TMR_0/inst/TMR_v1_0_S00_AXI_inst/slv_reg1[23]_i_1_n_0                                                                                                                                           | design_1_i/TMR_0/inst/TMR_v1_0_S00_AXI_inst/axi_awready_i_1_n_0                                                                                |                2 |              8 |         4.00 |
|  design_1_i/clk_wiz_1/inst/clk_out1                                          | design_1_i/TMR_0/inst/TMR_v1_0_S00_AXI_inst/slv_reg2[23]_i_1_n_0                                                                                                                                           | design_1_i/TMR_0/inst/TMR_v1_0_S00_AXI_inst/axi_awready_i_1_n_0                                                                                |                1 |              8 |         8.00 |
|  design_1_i/clk_wiz_1/inst/clk_out1                                          | design_1_i/GPIO_0/inst/myip_v1_0_S00_AXI_inst/slv_reg3[31]_i_1_n_0                                                                                                                                         | design_1_i/GPIO_0/inst/myip_v1_0_S00_AXI_inst/axi_awready_i_1_n_0                                                                              |                2 |              8 |         4.00 |
|  design_1_i/clk_wiz_1/inst/clk_out1                                          | design_1_i/TMR_0/inst/TMR_v1_0_S00_AXI_inst/slv_reg1[15]_i_1_n_0                                                                                                                                           | design_1_i/TMR_0/inst/TMR_v1_0_S00_AXI_inst/axi_awready_i_1_n_0                                                                                |                1 |              8 |         8.00 |
|  design_1_i/clk_wiz_1/inst/clk_out1                                          | design_1_i/TMR_0/inst/TMR_v1_0_S00_AXI_inst/slv_reg2[15]_i_1_n_0                                                                                                                                           | design_1_i/TMR_0/inst/TMR_v1_0_S00_AXI_inst/axi_awready_i_1_n_0                                                                                |                2 |              8 |         4.00 |
|  design_1_i/clk_wiz_1/inst/clk_out1                                          | design_1_i/TMR_0/inst/TMR_v1_0_S00_AXI_inst/slv_reg1[31]_i_1_n_0                                                                                                                                           | design_1_i/TMR_0/inst/TMR_v1_0_S00_AXI_inst/axi_awready_i_1_n_0                                                                                |                2 |              8 |         4.00 |
|  design_1_i/clk_wiz_1/inst/clk_out1                                          | design_1_i/TMR_0/inst/TMR_v1_0_S00_AXI_inst/slv_reg2[31]_i_1_n_0                                                                                                                                           | design_1_i/TMR_0/inst/TMR_v1_0_S00_AXI_inst/axi_awready_i_1_n_0                                                                                |                2 |              8 |         4.00 |
|  design_1_i/clk_wiz_1/inst/clk_out1                                          | design_1_i/TMR_0/inst/TMR_v1_0_S00_AXI_inst/slv_reg2[7]_i_1_n_0                                                                                                                                            | design_1_i/TMR_0/inst/TMR_v1_0_S00_AXI_inst/axi_awready_i_1_n_0                                                                                |                1 |              8 |         8.00 |
|  design_1_i/clk_wiz_1/inst/clk_out1                                          | design_1_i/TMR_0/inst/TMR_v1_0_S00_AXI_inst/slv_reg1[7]_i_1_n_0                                                                                                                                            | design_1_i/TMR_0/inst/TMR_v1_0_S00_AXI_inst/axi_awready_i_1_n_0                                                                                |                3 |              8 |         2.67 |
|  design_1_i/clk_wiz_1/inst/clk_out1                                          | design_1_i/TMR_0/inst/TMR_v1_0_S00_AXI_inst/p_1_in[7]                                                                                                                                                      | design_1_i/TMR_0/inst/TMR_v1_0_S00_AXI_inst/axi_awready_i_1_n_0                                                                                |                3 |              8 |         2.67 |
|  design_1_i/clk_wiz_1/inst/clk_out1                                          | design_1_i/TMR_0/inst/TMR_v1_0_S00_AXI_inst/p_1_in[8]                                                                                                                                                      | design_1_i/TMR_0/inst/TMR_v1_0_S00_AXI_inst/axi_awready_i_1_n_0                                                                                |                1 |              8 |         8.00 |
|  design_1_i/clk_wiz_1/inst/clk_out1                                          | design_1_i/TMR_0/inst/TMR_v1_0_S00_AXI_inst/p_1_in[16]                                                                                                                                                     | design_1_i/TMR_0/inst/TMR_v1_0_S00_AXI_inst/axi_awready_i_1_n_0                                                                                |                2 |              8 |         4.00 |
|  design_1_i/clk_wiz_1/inst/clk_out1                                          | design_1_i/TMR_0/inst/TMR_v1_0_S00_AXI_inst/p_1_in[31]                                                                                                                                                     | design_1_i/TMR_0/inst/TMR_v1_0_S00_AXI_inst/axi_awready_i_1_n_0                                                                                |                1 |              8 |         8.00 |
|  design_1_i/clk_wiz_1/inst/clk_out1                                          | design_1_i/SIP_master_0/inst/SIP_master_v1_0_S00_AXI_inst/slv_reg1[15]_i_1_n_0                                                                                                                             | design_1_i/SIP_master_0/inst/SIP_master_v1_0_S00_AXI_inst/AR[0]                                                                                |                2 |              8 |         4.00 |
|  design_1_i/clk_wiz_1/inst/clk_out1                                          | design_1_i/SIP_master_0/inst/SIP_master_v1_0_S00_AXI_inst/slv_reg1[23]_i_1_n_0                                                                                                                             | design_1_i/SIP_master_0/inst/SIP_master_v1_0_S00_AXI_inst/AR[0]                                                                                |                2 |              8 |         4.00 |
|  design_1_i/clk_wiz_1/inst/clk_out1                                          | design_1_i/SIP_master_0/inst/SIP_master_v1_0_S00_AXI_inst/p_1_in[1]                                                                                                                                        | design_1_i/SIP_master_0/inst/SIP_master_v1_0_S00_AXI_inst/AR[0]                                                                                |                2 |              8 |         4.00 |
|  design_1_i/clk_wiz_1/inst/clk_out1                                          | design_1_i/SIP_master_0/inst/SIP_master_v1_0_S00_AXI_inst/slv_reg3[31]_i_1_n_0                                                                                                                             | design_1_i/SIP_master_0/inst/SIP_master_v1_0_S00_AXI_inst/AR[0]                                                                                |                2 |              8 |         4.00 |
|  design_1_i/clk_wiz_1/inst/clk_out1                                          | design_1_i/SIP_master_0/inst/SIP_master_v1_0_S00_AXI_inst/slv_reg3[15]_i_1_n_0                                                                                                                             | design_1_i/SIP_master_0/inst/SIP_master_v1_0_S00_AXI_inst/AR[0]                                                                                |                1 |              8 |         8.00 |
|  design_1_i/clk_wiz_1/inst/clk_out1                                          | design_1_i/SIP_master_0/inst/SIP_master_v1_0_S00_AXI_inst/slv_reg3[23]_i_1_n_0                                                                                                                             | design_1_i/SIP_master_0/inst/SIP_master_v1_0_S00_AXI_inst/AR[0]                                                                                |                1 |              8 |         8.00 |
|  design_1_i/clk_wiz_1/inst/clk_out1                                          | design_1_i/SIP_master_0/inst/SIP_master_v1_0_S00_AXI_inst/slv_reg1[31]_i_1_n_0                                                                                                                             | design_1_i/SIP_master_0/inst/SIP_master_v1_0_S00_AXI_inst/AR[0]                                                                                |                2 |              8 |         4.00 |
|  design_1_i/clk_wiz_1/inst/clk_out1                                          | design_1_i/SIP_master_0/inst/SIP_master_v1_0_S00_AXI_inst/slv_reg3[7]_i_1_n_0                                                                                                                              | design_1_i/SIP_master_0/inst/SIP_master_v1_0_S00_AXI_inst/AR[0]                                                                                |                1 |              8 |         8.00 |
|  design_1_i/clk_wiz_1/inst/clk_out1                                          | design_1_i/SIP_master_0/inst/SIP_master_v1_0_S00_AXI_inst/slv_reg1[7]_i_1_n_0                                                                                                                              | design_1_i/SIP_master_0/inst/SIP_master_v1_0_S00_AXI_inst/AR[0]                                                                                |                2 |              8 |         4.00 |
|  design_1_i/clk_wiz_1/inst/clk_out1                                          | design_1_i/GPIO_0/inst/myip_v1_0_S00_AXI_inst/slv_reg2[31]_i_1_n_0                                                                                                                                         | design_1_i/GPIO_0/inst/myip_v1_0_S00_AXI_inst/axi_awready_i_1_n_0                                                                              |                1 |              8 |         8.00 |
|  design_1_i/clk_wiz_1/inst/clk_out1                                          | design_1_i/GPIO_0/inst/myip_v1_0_S00_AXI_inst/slv_reg3[15]_i_1_n_0                                                                                                                                         | design_1_i/GPIO_0/inst/myip_v1_0_S00_AXI_inst/axi_awready_i_1_n_0                                                                              |                2 |              8 |         4.00 |
|  design_1_i/clk_wiz_1/inst/clk_out1                                          | design_1_i/GPIO_0/inst/myip_v1_0_S00_AXI_inst/slv_reg2[23]_i_1_n_0                                                                                                                                         | design_1_i/GPIO_0/inst/myip_v1_0_S00_AXI_inst/axi_awready_i_1_n_0                                                                              |                3 |              8 |         2.67 |
|  design_1_i/clk_wiz_1/inst/clk_out1                                          | design_1_i/GPIO_0/inst/myip_v1_0_S00_AXI_inst/slv_reg2[7]_i_1_n_0                                                                                                                                          | design_1_i/GPIO_0/inst/myip_v1_0_S00_AXI_inst/axi_awready_i_1_n_0                                                                              |                3 |              8 |         2.67 |
|  design_1_i/clk_wiz_1/inst/clk_out1                                          | design_1_i/GPIO_0/inst/myip_v1_0_S00_AXI_inst/slv_reg3[7]_i_1_n_0                                                                                                                                          | design_1_i/GPIO_0/inst/myip_v1_0_S00_AXI_inst/axi_awready_i_1_n_0                                                                              |                4 |              8 |         2.00 |
|  design_1_i/clk_wiz_1/inst/clk_out1                                          | design_1_i/GPIO_0/inst/myip_v1_0_S00_AXI_inst/slv_reg2[15]_i_1_n_0                                                                                                                                         | design_1_i/GPIO_0/inst/myip_v1_0_S00_AXI_inst/axi_awready_i_1_n_0                                                                              |                2 |              8 |         4.00 |
|  design_1_i/clk_wiz_1/inst/clk_out1                                          | design_1_i/GPIO_0/inst/myip_v1_0_S00_AXI_inst/slv_reg3[23]_i_1_n_0                                                                                                                                         | design_1_i/GPIO_0/inst/myip_v1_0_S00_AXI_inst/axi_awready_i_1_n_0                                                                              |                3 |              8 |         2.67 |
|  design_1_i/clk_wiz_1/inst/clk_out1                                          | design_1_i/GPIO_0/inst/myip_v1_0_S00_AXI_inst/p_1_in[7]                                                                                                                                                    | design_1_i/GPIO_0/inst/myip_v1_0_S00_AXI_inst/axi_awready_i_1_n_0                                                                              |                5 |              8 |         1.60 |
|  design_1_i/clk_wiz_1/inst/clk_out1                                          | design_1_i/GPIO_0/inst/myip_v1_0_S00_AXI_inst/p_1_in[8]                                                                                                                                                    | design_1_i/GPIO_0/inst/myip_v1_0_S00_AXI_inst/axi_awready_i_1_n_0                                                                              |                2 |              8 |         4.00 |
|  design_1_i/clk_wiz_1/inst/clk_out1                                          | design_1_i/GPIO_0/inst/myip_v1_0_S00_AXI_inst/p_1_in[31]                                                                                                                                                   | design_1_i/GPIO_0/inst/myip_v1_0_S00_AXI_inst/axi_awready_i_1_n_0                                                                              |                1 |              8 |         8.00 |
|  design_1_i/clk_wiz_1/inst/clk_out1                                          | design_1_i/GPIO_0/inst/myip_v1_0_S00_AXI_inst/p_1_in[16]                                                                                                                                                   | design_1_i/GPIO_0/inst/myip_v1_0_S00_AXI_inst/axi_awready_i_1_n_0                                                                              |                1 |              8 |         8.00 |
|  design_1_i/clk_wiz_1/inst/clk_out1                                          | design_1_i/GPIO_1/inst/myip_v1_0_S00_AXI_inst/slv_reg2[15]_i_1_n_0                                                                                                                                         | design_1_i/GPIO_1/inst/myip_v1_0_S00_AXI_inst/axi_awready_i_1_n_0                                                                              |                1 |              8 |         8.00 |
|  design_1_i/clk_wiz_1/inst/clk_out1                                          | design_1_i/GPIO_1/inst/myip_v1_0_S00_AXI_inst/slv_reg2[23]_i_1_n_0                                                                                                                                         | design_1_i/GPIO_1/inst/myip_v1_0_S00_AXI_inst/axi_awready_i_1_n_0                                                                              |                1 |              8 |         8.00 |
|  design_1_i/clk_wiz_1/inst/clk_out1                                          | design_1_i/GPIO_1/inst/myip_v1_0_S00_AXI_inst/slv_reg2[31]_i_1_n_0                                                                                                                                         | design_1_i/GPIO_1/inst/myip_v1_0_S00_AXI_inst/axi_awready_i_1_n_0                                                                              |                1 |              8 |         8.00 |
|  design_1_i/clk_wiz_1/inst/clk_out1                                          | design_1_i/GPIO_1/inst/myip_v1_0_S00_AXI_inst/slv_reg2[7]_i_1_n_0                                                                                                                                          | design_1_i/GPIO_1/inst/myip_v1_0_S00_AXI_inst/axi_awready_i_1_n_0                                                                              |                4 |              8 |         2.00 |
|  design_1_i/clk_wiz_1/inst/clk_out1                                          | design_1_i/GPIO_1/inst/myip_v1_0_S00_AXI_inst/slv_reg3[15]_i_1_n_0                                                                                                                                         | design_1_i/GPIO_1/inst/myip_v1_0_S00_AXI_inst/axi_awready_i_1_n_0                                                                              |                3 |              8 |         2.67 |
|  design_1_i/clk_wiz_1/inst/clk_out1                                          | design_1_i/GPIO_1/inst/myip_v1_0_S00_AXI_inst/p_1_in[8]                                                                                                                                                    | design_1_i/GPIO_1/inst/myip_v1_0_S00_AXI_inst/axi_awready_i_1_n_0                                                                              |                2 |              8 |         4.00 |
|  design_1_i/clk_wiz_1/inst/clk_out1                                          | design_1_i/GPIO_1/inst/myip_v1_0_S00_AXI_inst/slv_reg3[7]_i_1_n_0                                                                                                                                          | design_1_i/GPIO_1/inst/myip_v1_0_S00_AXI_inst/axi_awready_i_1_n_0                                                                              |                3 |              8 |         2.67 |
|  design_1_i/clk_wiz_1/inst/clk_out1                                          | design_1_i/GPIO_1/inst/myip_v1_0_S00_AXI_inst/slv_reg3[23]_i_1_n_0                                                                                                                                         | design_1_i/GPIO_1/inst/myip_v1_0_S00_AXI_inst/axi_awready_i_1_n_0                                                                              |                1 |              8 |         8.00 |
|  design_1_i/clk_wiz_1/inst/clk_out1                                          | design_1_i/GPIO_1/inst/myip_v1_0_S00_AXI_inst/p_1_in[7]                                                                                                                                                    | design_1_i/GPIO_1/inst/myip_v1_0_S00_AXI_inst/axi_awready_i_1_n_0                                                                              |                4 |              8 |         2.00 |
|  design_1_i/clk_wiz_1/inst/clk_out1                                          | design_1_i/SIP_master_0/inst/U_SPI/div_cnt                                                                                                                                                                 | design_1_i/SIP_master_0/inst/SIP_master_v1_0_S00_AXI_inst/AR[0]                                                                                |                3 |              9 |         3.00 |
|  design_1_i/clk_wiz_1/inst/clk_out1                                          |                                                                                                                                                                                                            | design_1_i/axi_uartlite_0/U0/AXI_LITE_IPIF_I/I_SLAVE_ATTACHMENT/rst                                                                            |                4 |             10 |         2.50 |
|  design_1_i/clk_wiz_1/inst/clk_out1                                          |                                                                                                                                                                                                            | design_1_i/TMR_2/inst/TMR_v1_0_S00_AXI_inst/axi_awready_i_1_n_0                                                                                |                4 |             10 |         2.50 |
|  design_1_i/clk_wiz_1/inst/clk_out1                                          |                                                                                                                                                                                                            | design_1_i/TMR_1/inst/TMR_v1_0_S00_AXI_inst/axi_awready_i_1_n_0                                                                                |                3 |             10 |         3.33 |
|  design_1_i/clk_wiz_1/inst/clk_out1                                          |                                                                                                                                                                                                            | design_1_i/GPIO_2/inst/myip_v1_0_S00_AXI_inst/axi_awready_i_1_n_0                                                                              |                4 |             10 |         2.50 |
|  design_1_i/clk_wiz_1/inst/clk_out1                                          |                                                                                                                                                                                                            | design_1_i/TMR_0/inst/TMR_v1_0_S00_AXI_inst/axi_awready_i_1_n_0                                                                                |                3 |             10 |         3.33 |
|  design_1_i/mdm_1/U0/No_Dbg_Reg_Access.BUFG_DRCK/Dbg_Clk_0                   | design_1_i/mdm_1/U0/MDM_Core_I1/JTAG_CONTROL_I/Use_BSCAN.FDC_I/Use_Serial_Unified_Completion.completion_block_reg                                                                                          |                                                                                                                                                |                4 |             10 |         2.50 |
|  design_1_i/clk_wiz_1/inst/clk_out1                                          |                                                                                                                                                                                                            | design_1_i/GPIO_0/inst/myip_v1_0_S00_AXI_inst/axi_awready_i_1_n_0                                                                              |                4 |             10 |         2.50 |
|  design_1_i/clk_wiz_1/inst/clk_out1                                          |                                                                                                                                                                                                            | design_1_i/GPIO_1/inst/myip_v1_0_S00_AXI_inst/axi_awready_i_1_n_0                                                                              |                3 |             10 |         3.33 |
|  design_1_i/clk_wiz_1/inst/clk_out1                                          |                                                                                                                                                                                                            | design_1_i/microblaze_0_axi_intc/U0/AXI_LITE_IPIF_I/I_SLAVE_ATTACHMENT/rst                                                                     |                5 |             11 |         2.20 |
|  design_1_i/clk_wiz_1/inst/clk_out1                                          | design_1_i/microblaze_0_axi_periph/xbar/inst/gen_sasd.crossbar_sasd_0/reg_slice_r/aa_rready                                                                                                                |                                                                                                                                                |                5 |             15 |         3.00 |
|  design_1_i/clk_wiz_1/inst/clk_out1                                          | design_1_i/microblaze_0/U0/MicroBlaze_Core_I/Performance.Core/Decode_I/PreFetch_Buffer_I1/Instruction_Prefetch_Mux[4].Gen_Instr_DFF/E[0]                                                                   | design_1_i/microblaze_0/U0/MicroBlaze_Core_I/sync_reset                                                                                        |                7 |             16 |         2.29 |
|  design_1_i/clk_wiz_1/inst/clk_out1                                          |                                                                                                                                                                                                            | design_1_i/microblaze_0_axi_periph/xbar/inst/gen_sasd.crossbar_sasd_0/addr_arbiter_inst/SR[0]                                                  |                9 |             18 |         2.00 |
|  design_1_i/clk_wiz_1/inst/clk_out1                                          |                                                                                                                                                                                                            | design_1_i/SIP_master_0/inst/SIP_master_v1_0_S00_AXI_inst/AR[0]                                                                                |                9 |             19 |         2.11 |
|  design_1_i/clk_wiz_1/inst/clk_out1                                          | design_1_i/microblaze_0_axi_intc/U0/AXI_LITE_IPIF_I/I_SLAVE_ATTACHMENT/start2                                                                                                                              | design_1_i/microblaze_0_axi_intc/U0/AXI_LITE_IPIF_I/I_SLAVE_ATTACHMENT/I_DECODER/cs_ce_clr                                                     |                6 |             19 |         3.17 |
|  design_1_i/clk_wiz_1/inst/clk_out1                                          | design_1_i/microblaze_0/U0/MicroBlaze_Core_I/Performance.Core/Decode_I/mem_wait_on_ready_N_carry_or/MUXCY_I/lopt_1                                                                                         | design_1_i/microblaze_0/U0/MicroBlaze_Core_I/sync_reset                                                                                        |                7 |             21 |         3.00 |
|  design_1_i/mdm_1/U0/No_Dbg_Reg_Access.BUFG_DRCK/Dbg_Clk_0                   |                                                                                                                                                                                                            | design_1_i/mdm_1/U0/Use_E2.BSCAN_I/Use_E2.BSCANE2_I_0                                                                                          |                7 |             23 |         3.29 |
|  design_1_i/clk_wiz_1/inst/clk_out1                                          | design_1_i/microblaze_0_axi_periph/xbar/inst/gen_sasd.crossbar_sasd_0/addr_arbiter_inst/p_0_in1_in                                                                                                         | design_1_i/microblaze_0_axi_periph/xbar/inst/gen_sasd.crossbar_sasd_0/addr_arbiter_inst/SR[0]                                                  |                5 |             23 |         4.60 |
|  design_1_i/clk_wiz_1/inst/clk_out1                                          |                                                                                                                                                                                                            | design_1_i/microblaze_0_axi_intc/U0/INTC_CORE_I/SR[0]                                                                                          |                8 |             28 |         3.50 |
|  design_1_i/clk_wiz_1/inst/clk_out1                                          | design_1_i/axi_uartlite_0/U0/UARTLITE_CORE_I/BAUD_RATE_I/en_16x_Baud                                                                                                                                       | design_1_i/axi_uartlite_0/U0/UARTLITE_CORE_I/UARTLITE_RX_I/ACTIVE_LOW_PR_OUT_DFF[0].FDRE_PER_N                                                 |                4 |             28 |         7.00 |
|  design_1_i/clk_wiz_1/inst/clk_out1                                          |                                                                                                                                                                                                            | design_1_i/axi_uartlite_0/U0/UARTLITE_CORE_I/UARTLITE_RX_I/ACTIVE_LOW_PR_OUT_DFF[0].FDRE_PER_N                                                 |               12 |             30 |         2.50 |
|  design_1_i/clk_wiz_1/inst/clk_out1                                          |                                                                                                                                                                                                            | design_1_i/I2C_master_0/inst/I2C_master_v1_0_S00_AXI_inst/ACTIVE_LOW_PR_OUT_DFF[0].FDRE_PER_N                                                  |               14 |             32 |         2.29 |
|  design_1_i/clk_wiz_1/inst/clk_out1                                          | design_1_i/TMR_0/inst/TMR_v1_0_S00_AXI_inst/slv_reg0_reg[0]_0                                                                                                                                              | design_1_i/TMR_0/inst/U_TIMECOUNTER/U_COUNTER/count_n_0                                                                                        |                8 |             32 |         4.00 |
|  design_1_i/clk_wiz_1/inst/clk_out1                                          | design_1_i/GPIO_0/inst/myip_v1_0_S00_AXI_inst/slv_reg_rden__0                                                                                                                                              | design_1_i/GPIO_0/inst/myip_v1_0_S00_AXI_inst/axi_awready_i_1_n_0                                                                              |               14 |             32 |         2.29 |
|  design_1_i/clk_wiz_1/inst/clk_out1                                          | design_1_i/microblaze_0_axi_intc/U0/INTC_CORE_I/irq                                                                                                                                                        |                                                                                                                                                |                9 |             32 |         3.56 |
|  design_1_i/clk_wiz_1/inst/clk_out1                                          | design_1_i/microblaze_0/U0/MicroBlaze_Core_I/Performance.Core/Decode_I/PreFetch_Buffer_I1/Gen_Mux_Select_LUT6[2].Gen_Sel_DFF/Using_FPGA.Native_1[0]                                                        | design_1_i/microblaze_0/U0/MicroBlaze_Core_I/sync_reset                                                                                        |                9 |             32 |         3.56 |
|  design_1_i/clk_wiz_1/inst/clk_out1                                          | design_1_i/microblaze_0/U0/MicroBlaze_Core_I/Performance.Core/Decode_I/Use_MuxCy[3].OF_Piperun_Stage/MUXCY_I/Using_FPGA.Native_0                                                                           | design_1_i/microblaze_0/U0/MicroBlaze_Core_I/Performance.Core/Decode_I/R                                                                       |               12 |             32 |         2.67 |
|  design_1_i/clk_wiz_1/inst/clk_out1                                          | design_1_i/microblaze_0_axi_periph/xbar/inst/gen_sasd.crossbar_sasd_0/addr_arbiter_inst/s_axi_rvalid[0]                                                                                                    | design_1_i/microblaze_0/U0/MicroBlaze_Core_I/sync_reset                                                                                        |               10 |             32 |         3.20 |
|  design_1_i/clk_wiz_1/inst/clk_out1                                          | design_1_i/microblaze_0/U0/MicroBlaze_Core_I/Performance.Core/Decode_I/Use_MuxCy[3].OF_Piperun_Stage/MUXCY_I/E[0]                                                                                          | design_1_i/microblaze_0/U0/MicroBlaze_Core_I/sync_reset                                                                                        |                8 |             32 |         4.00 |
|  design_1_i/clk_wiz_1/inst/clk_out1                                          |                                                                                                                                                                                                            | design_1_i/microblaze_0/U0/MicroBlaze_Core_I/Performance.Core/wb_dlmb_valid_read_data0                                                         |               17 |             32 |         1.88 |
|  design_1_i/clk_wiz_1/inst/clk_out1                                          | design_1_i/GPIO_2/inst/myip_v1_0_S00_AXI_inst/slv_reg_rden__0                                                                                                                                              | design_1_i/GPIO_2/inst/myip_v1_0_S00_AXI_inst/axi_awready_i_1_n_0                                                                              |               12 |             32 |         2.67 |
|  design_1_i/clk_wiz_1/inst/clk_out1                                          | design_1_i/microblaze_0/U0/MicroBlaze_Core_I/Performance.Core/Decode_I/mem_wait_on_ready_N_carry_or/MUXCY_I/lopt_1                                                                                         | design_1_i/microblaze_0/U0/MicroBlaze_Core_I/Performance.Core/Decode_I/SR[0]                                                                   |               11 |             32 |         2.91 |
|  design_1_i/clk_wiz_1/inst/clk_out1                                          | design_1_i/TMR_0/inst/TMR_v1_0_S00_AXI_inst/slv_reg_rden__0                                                                                                                                                | design_1_i/TMR_0/inst/TMR_v1_0_S00_AXI_inst/axi_awready_i_1_n_0                                                                                |                9 |             32 |         3.56 |
|  design_1_i/clk_wiz_1/inst/clk_out1                                          | design_1_i/GPIO_1/inst/myip_v1_0_S00_AXI_inst/slv_reg_rden__0                                                                                                                                              | design_1_i/GPIO_1/inst/myip_v1_0_S00_AXI_inst/axi_awready_i_1_n_0                                                                              |               12 |             32 |         2.67 |
|  design_1_i/clk_wiz_1/inst/clk_out1                                          | design_1_i/TMR_1/inst/TMR_v1_0_S00_AXI_inst/slv_reg_rden__0                                                                                                                                                | design_1_i/TMR_1/inst/TMR_v1_0_S00_AXI_inst/axi_awready_i_1_n_0                                                                                |               11 |             32 |         2.91 |
|  design_1_i/clk_wiz_1/inst/clk_out1                                          | design_1_i/I2C_master_0/inst/I2C_master_v1_0_S00_AXI_inst/slv_reg_rden__0                                                                                                                                  | design_1_i/I2C_master_0/inst/I2C_master_v1_0_S00_AXI_inst/ACTIVE_LOW_PR_OUT_DFF[0].FDRE_PER_N                                                  |               13 |             32 |         2.46 |
|  design_1_i/clk_wiz_1/inst/clk_out1                                          | design_1_i/TMR_1/inst/TMR_v1_0_S00_AXI_inst/Q[0]                                                                                                                                                           | design_1_i/TMR_1/inst/U_TIMECOUNTER/U_PRESCALER/preCounter_n_0                                                                                 |                8 |             32 |         4.00 |
|  design_1_i/mdm_1/U0/No_Dbg_Reg_Access.BUFG_DRCK/Dbg_Clk_0                   | design_1_i/microblaze_0/U0/MicroBlaze_Core_I/Performance.Core/Use_Debug_Logic.Master_Core.Debug_Perf/New_Dbg_Instr_TCK                                                                                     |                                                                                                                                                |               10 |             32 |         3.20 |
|  design_1_i/clk_wiz_1/inst/clk_out1                                          | design_1_i/TMR_1/inst/TMR_v1_0_S00_AXI_inst/slv_reg0_reg[0]_0                                                                                                                                              | design_1_i/TMR_1/inst/U_TIMECOUNTER/U_COUNTER/count_n_0                                                                                        |                8 |             32 |         4.00 |
|  design_1_i/clk_wiz_1/inst/clk_out1                                          | design_1_i/microblaze_0_axi_intc/U0/AXI_LITE_IPIF_I/I_SLAVE_ATTACHMENT/s_axi_rresp_i                                                                                                                       | design_1_i/microblaze_0_axi_intc/U0/AXI_LITE_IPIF_I/I_SLAVE_ATTACHMENT/rst                                                                     |               13 |             32 |         2.46 |
|  design_1_i/clk_wiz_1/inst/clk_out1                                          | design_1_i/microblaze_0/U0/MicroBlaze_Core_I/Performance.Core/Use_Debug_Logic.Master_Core.Debug_Perf/data_rd_reg[0]_i_1_n_0                                                                                | design_1_i/microblaze_0/U0/MicroBlaze_Core_I/sync_reset                                                                                        |               15 |             32 |         2.13 |
|  design_1_i/clk_wiz_1/inst/clk_out1                                          | design_1_i/TMR_0/inst/TMR_v1_0_S00_AXI_inst/Q[0]                                                                                                                                                           | design_1_i/TMR_0/inst/U_TIMECOUNTER/U_PRESCALER/preCounter_n_0                                                                                 |                8 |             32 |         4.00 |
|  design_1_i/clk_wiz_1/inst/clk_out1                                          | design_1_i/SIP_master_0/inst/SIP_master_v1_0_S00_AXI_inst/slv_reg_rden__0                                                                                                                                  | design_1_i/SIP_master_0/inst/SIP_master_v1_0_S00_AXI_inst/AR[0]                                                                                |               15 |             32 |         2.13 |
|  design_1_i/clk_wiz_1/inst/clk_out1                                          | design_1_i/TMR_2/inst/TMR_v1_0_S00_AXI_inst/Q[0]                                                                                                                                                           | design_1_i/TMR_2/inst/U_TIMECOUNTER/U_PRESCALER/preCounter_n_0                                                                                 |                8 |             32 |         4.00 |
|  design_1_i/clk_wiz_1/inst/clk_out1                                          | design_1_i/TMR_2/inst/TMR_v1_0_S00_AXI_inst/slv_reg0_reg[0]_0                                                                                                                                              | design_1_i/TMR_2/inst/U_TIMECOUNTER/U_COUNTER/count_n_0                                                                                        |                8 |             32 |         4.00 |
|  design_1_i/clk_wiz_1/inst/clk_out1                                          | design_1_i/TMR_2/inst/TMR_v1_0_S00_AXI_inst/slv_reg_rden__0                                                                                                                                                | design_1_i/TMR_2/inst/TMR_v1_0_S00_AXI_inst/axi_awready_i_1_n_0                                                                                |               11 |             32 |         2.91 |
|  design_1_i/clk_wiz_1/inst/clk_out1                                          | design_1_i/microblaze_0_axi_periph/xbar/inst/gen_sasd.crossbar_sasd_0/addr_arbiter_inst/E[0]                                                                                                               |                                                                                                                                                |               13 |             33 |         2.54 |
|  design_1_i/clk_wiz_1/inst/clk_out1                                          | design_1_i/microblaze_0/U0/MicroBlaze_Core_I/Performance.Core/Decode_I/mem_wait_on_ready_N_carry_or/MUXCY_I/lopt_1                                                                                         |                                                                                                                                                |                9 |             34 |         3.78 |
|  design_1_i/mdm_1/U0/No_Dbg_Reg_Access.BUFG_DRCK/Dbg_Clk_0                   | design_1_i/mdm_1/U0/Use_E2.BSCAN_I/Use_BSCAN.PORT_Selector_reg[0]                                                                                                                                          |                                                                                                                                                |               16 |             47 |         2.94 |
|  design_1_i/clk_wiz_1/inst/clk_out1                                          | design_1_i/microblaze_0_axi_intc/U0/AXI_LITE_IPIF_I/I_SLAVE_ATTACHMENT/I_DECODER/bus2ip_wrce[0]                                                                                                            |                                                                                                                                                |                8 |             64 |         8.00 |
|  design_1_i/clk_wiz_1/inst/clk_out1                                          | design_1_i/microblaze_0/U0/MicroBlaze_Core_I/Performance.Core/Decode_I/PreFetch_Buffer_I1/Instruction_Prefetch_Mux[42].Instr_Mux_MUXF7/Performance_Debug_Control.dbg_freeze_nohalt_reg                     |                                                                                                                                                |               10 |             75 |         7.50 |
|  design_1_i/mdm_1/U0/No_Dbg_Reg_Access.BUFG_DRCK/Dbg_Clk_0                   |                                                                                                                                                                                                            |                                                                                                                                                |               26 |             80 |         3.08 |
|  design_1_i/clk_wiz_1/inst/clk_out1                                          | design_1_i/microblaze_0/U0/MicroBlaze_Core_I/Performance.Core/Decode_I/Use_MuxCy[3].OF_Piperun_Stage/MUXCY_I/Using_FPGA.Native_0                                                                           | design_1_i/microblaze_0/U0/MicroBlaze_Core_I/sync_reset                                                                                        |               38 |             84 |         2.21 |
|  design_1_i/clk_wiz_1/inst/clk_out1                                          | design_1_i/microblaze_0/U0/MicroBlaze_Core_I/Performance.Core/Decode_I/WB_GPR_Wr                                                                                                                           |                                                                                                                                                |               16 |            128 |         8.00 |
|  design_1_i/clk_wiz_1/inst/clk_out1                                          |                                                                                                                                                                                                            | design_1_i/microblaze_0/U0/MicroBlaze_Core_I/sync_reset                                                                                        |               70 |            157 |         2.24 |
|  design_1_i/clk_wiz_1/inst/clk_out1                                          |                                                                                                                                                                                                            |                                                                                                                                                |               76 |            218 |         2.87 |
|  design_1_i/clk_wiz_1/inst/clk_out1                                          | design_1_i/microblaze_0/U0/MicroBlaze_Core_I/Performance.Core/Decode_I/Use_MuxCy[11].OF_Piperun_Stage/MUXCY_I/Using_FPGA.Native_0                                                                          | design_1_i/microblaze_0/U0/MicroBlaze_Core_I/sync_reset                                                                                        |               82 |            221 |         2.70 |
+------------------------------------------------------------------------------+------------------------------------------------------------------------------------------------------------------------------------------------------------------------------------------------------------+------------------------------------------------------------------------------------------------------------------------------------------------+------------------+----------------+--------------+


